type Kind int
const Object Kind = 1
const RefCounted Kind = 2
const Extern Kind = 3
const RefCountedExtern Kind = 4
const Enum Kind = 5
const Other Kind = 6
type Dependency struct
field Dependency.Name string
field Dependency.Include string
field Dependency.Kind Kind
field Dependency.Values []EnumValue
field Dependency.Gdpp bool
type EnumValue struct
field EnumValue.Name string
field EnumValue.Value int64
field EnumValue.Doc string
type DeclKind int
const ClassDecl DeclKind = 1
const ExternDecl DeclKind = 2
const EnumDecl DeclKind = 3
type Declaration struct
field Declaration.Name string
field Declaration.Kind DeclKind
field Declaration.Base string
field Declaration.Values []EnumValue
field Declaration.Icon string
field Declaration.Tool bool
type Options struct
field Options.Dependencies []Dependency
field Options.SourceName string
type File struct
field File.Name string
field File.Text string
const GodotEnum Kind = 7
field Dependency.Base string
field EnumValue.Implicit bool
field Dependency.Bitfield bool
field EnumValue.Expr string
field Declaration.Bitfield bool
field Options.Trace []string
field Options.Profile []string
field Options.ProfilePeriod int
field Options.ProfileFPS int
field Declaration.GameOnly bool
field Declaration.EditorOnly bool
field Options.AsyncClass string
field Options.PackagePath string
field Declaration.Async bool
field Dependency.Virtuals []string
field Declaration.Virtuals []string
field Dependency.Notifications []string
field Declaration.Notifications []string
field Declaration.Abstract bool
field Dependency.NonRuntime bool
const Macro Kind = 8
const Template Kind = 9
field Dependency.Source string
field Dependency.File string
field Dependency.SourceName string
const MacroDecl DeclKind = 4
const TemplateDecl DeclKind = 5
field Options.PackageID string
field Options.PackagePrefix string
field Options.CppStandard string
field Options.MacroTimeout int
field Options.MacroDepth int
const MacroLibrary Kind = 10
const LibraryDecl DeclKind = 6
const Annotation Kind = 11
const AnnotationDecl DeclKind = 7
const Trait Kind = 12
const RefCountedTrait Kind = 13
field Dependency.Traits []string
const TraitDecl DeclKind = 8
field Declaration.Traits []string
field Options.Implementers map[string][]string
field Dependency.NoscriptVirtuals []string
field Declaration.NoscriptVirtuals []string
